Label & Assign	Set up job	﻿2026-04-30T14:19:48.8932280Z Current runner version: '2.334.0'
Label & Assign	Set up job	2026-04-30T14:19:48.8973637Z ##[group]Runner Image Provisioner
Label & Assign	Set up job	2026-04-30T14:19:48.8975190Z Hosted Compute Agent
Label & Assign	Set up job	2026-04-30T14:19:48.8976082Z Version: 20260213.493
Label & Assign	Set up job	2026-04-30T14:19:48.8977114Z Commit: 5c115507f6dd24b8de37d8bbe0bb4509d0cc0fa3
Label & Assign	Set up job	2026-04-30T14:19:48.8978498Z Build Date: 2026-02-13T00:28:41Z
Label & Assign	Set up job	2026-04-30T14:19:48.8979680Z Worker ID: {f6493434-732a-4966-b20f-0b65e738a1ed}
Label & Assign	Set up job	2026-04-30T14:19:48.8981214Z Azure Region: centralus
Label & Assign	Set up job	2026-04-30T14:19:48.8982200Z ##[endgroup]
Label & Assign	Set up job	2026-04-30T14:19:48.8984686Z ##[group]Operating System
Label & Assign	Set up job	2026-04-30T14:19:48.8985689Z Ubuntu
Label & Assign	Set up job	2026-04-30T14:19:48.8986698Z 24.04.4
Label & Assign	Set up job	2026-04-30T14:19:48.8987489Z LTS
Label & Assign	Set up job	2026-04-30T14:19:48.8988308Z ##[endgroup]
Label & Assign	Set up job	2026-04-30T14:19:48.8989188Z ##[group]Runner Image
Label & Assign	Set up job	2026-04-30T14:19:48.8990196Z Image: ubuntu-24.04
Label & Assign	Set up job	2026-04-30T14:19:48.8991403Z Version: 20260413.86.1
Label & Assign	Set up job	2026-04-30T14:19:48.8993330Z Included Software: https://github.com/actions/runner-images/blob/ubuntu24/20260413.86/images/ubuntu/Ubuntu2404-Readme.md
Label & Assign	Set up job	2026-04-30T14:19:48.8996316Z Image Release: https://github.com/actions/runner-images/releases/tag/ubuntu24%2F20260413.86
Label & Assign	Set up job	2026-04-30T14:19:48.8998033Z ##[endgroup]
Label & Assign	Set up job	2026-04-30T14:19:48.8999940Z ##[group]GITHUB_TOKEN Permissions
Label & Assign	Set up job	2026-04-30T14:19:48.9003628Z Contents: read
Label & Assign	Set up job	2026-04-30T14:19:48.9004540Z Metadata: read
Label & Assign	Set up job	2026-04-30T14:19:48.9005397Z PullRequests: write
Label & Assign	Set up job	2026-04-30T14:19:48.9006361Z ##[endgroup]
Label & Assign	Set up job	2026-04-30T14:19:48.9009513Z Secret source: Actions
Label & Assign	Set up job	2026-04-30T14:19:48.9011239Z Prepare workflow directory
Label & Assign	Set up job	2026-04-30T14:19:48.9366015Z Prepare all required actions
Label & Assign	Set up job	2026-04-30T14:19:48.9403567Z Getting action download info
Label & Assign	Set up job	2026-04-30T14:19:49.4655062Z Download action repository 'actions/checkout@v4' (SHA:34e114876b0b11c390a56381ad16ebd13914f8d5)
Label & Assign	Set up job	2026-04-30T14:19:49.8999814Z Download action repository 'actions/labeler@v5' (SHA:8558fd74291d67161a8a78ce36a881fa63b766a9)
Label & Assign	Set up job	2026-04-30T14:19:50.4651801Z Download action repository 'actions-ecosystem/action-add-assignees@v1' (SHA:ce5019e63cc4f35aba27308dc88d19c8f3686747)
Label & Assign	Set up job	2026-04-30T14:19:51.1120619Z Complete job name: Label & Assign
Label & Assign	Run actions/checkout@v4	﻿2026-04-30T14:19:51.1867794Z ##[group]Run actions/checkout@v4
Label & Assign	Run actions/checkout@v4	2026-04-30T14:19:51.1868985Z with:
Label & Assign	Run actions/checkout@v4	2026-04-30T14:19:51.1869674Z   repository: echo-layer/vtuber-image
Label & Assign	Run actions/checkout@v4	2026-04-30T14:19:51.1870902Z   token: ***
Label & Assign	Run actions/checkout@v4	2026-04-30T14:19:51.1871581Z   ssh-strict: true
Label & Assign	Run actions/checkout@v4	2026-04-30T14:19:51.1872258Z   ssh-user: git
Label & Assign	Run actions/checkout@v4	2026-04-30T14:19:51.1872914Z   persist-credentials: true
Label & Assign	Run actions/checkout@v4	2026-04-30T14:19:51.1873616Z   clean: true
Label & Assign	Run actions/checkout@v4	2026-04-30T14:19:51.1874248Z   sparse-checkout-cone-mode: true
Label & Assign	Run actions/checkout@v4	2026-04-30T14:19:51.1874985Z   fetch-depth: 1
Label & Assign	Run actions/checkout@v4	2026-04-30T14:19:51.1875632Z   fetch-tags: false
Label & Assign	Run actions/checkout@v4	2026-04-30T14:19:51.1876278Z   show-progress: true
Label & Assign	Run actions/checkout@v4	2026-04-30T14:19:51.1876945Z   lfs: false
Label & Assign	Run actions/checkout@v4	2026-04-30T14:19:51.1877834Z   submodules: false
Label & Assign	Run actions/checkout@v4	2026-04-30T14:19:51.1878508Z   set-safe-directory: true
Label & Assign	Run actions/checkout@v4	2026-04-30T14:19:51.1879566Z ##[endgroup]
Label & Assign	Run actions/checkout@v4	2026-04-30T14:19:51.3112365Z Syncing repository: echo-layer/vtuber-image
Label & Assign	Run actions/checkout@v4	2026-04-30T14:19:51.3115534Z ##[group]Getting Git version info
Label & Assign	Run actions/checkout@v4	2026-04-30T14:19:51.3117495Z Working directory is '/home/runner/work/vtuber-image/vtuber-image'
Label & Assign	Run actions/checkout@v4	2026-04-30T14:19:51.3128460Z [command]/usr/bin/git version
Label & Assign	Run actions/checkout@v4	2026-04-30T14:19:51.3153483Z git version 2.53.0
Label & Assign	Run actions/checkout@v4	2026-04-30T14:19:51.3185603Z ##[endgroup]
Label & Assign	Run actions/checkout@v4	2026-04-30T14:19:51.3203331Z Temporarily overriding HOME='/home/runner/work/_temp/dff5658c-7c31-4527-836c-7dd1045ba737' before making global git config changes
Label & Assign	Run actions/checkout@v4	2026-04-30T14:19:51.3206842Z Adding repository directory to the temporary git global config as a safe directory
Label & Assign	Run actions/checkout@v4	2026-04-30T14:19:51.3211102Z [command]/usr/bin/git config --global --add safe.directory /home/runner/work/vtuber-image/vtuber-image
Label & Assign	Run actions/checkout@v4	2026-04-30T14:19:51.3247731Z Deleting the contents of '/home/runner/work/vtuber-image/vtuber-image'
Label & Assign	Run actions/checkout@v4	2026-04-30T14:19:51.3253648Z ##[group]Initializing the repository
Label & Assign	Run actions/checkout@v4	2026-04-30T14:19:51.3259293Z [command]/usr/bin/git init /home/runner/work/vtuber-image/vtuber-image
Label & Assign	Run actions/checkout@v4	2026-04-30T14:19:51.3363046Z hint: Using 'master' as the name for the initial branch. This default branch name
Label & Assign	Run actions/checkout@v4	2026-04-30T14:19:51.3365868Z hint: will change to "main" in Git 3.0. To configure the initial branch name
Label & Assign	Run actions/checkout@v4	2026-04-30T14:19:51.3369471Z hint: to use in all of your new repositories, which will suppress this warning,
Label & Assign	Run actions/checkout@v4	2026-04-30T14:19:51.3372578Z hint: call:
Label & Assign	Run actions/checkout@v4	2026-04-30T14:19:51.3374100Z hint:
Label & Assign	Run actions/checkout@v4	2026-04-30T14:19:51.3376755Z hint: 	git config --global init.defaultBranch <name>
Label & Assign	Run actions/checkout@v4	2026-04-30T14:19:51.3378780Z hint:
Label & Assign	Run actions/checkout@v4	2026-04-30T14:19:51.3381768Z hint: Names commonly chosen instead of 'master' are 'main', 'trunk' and
Label & Assign	Run actions/checkout@v4	2026-04-30T14:19:51.3384582Z hint: 'development'. The just-created branch can be renamed via this command:
Label & Assign	Run actions/checkout@v4	2026-04-30T14:19:51.3386636Z hint:
Label & Assign	Run actions/checkout@v4	2026-04-30T14:19:51.3388912Z hint: 	git branch -m <name>
Label & Assign	Run actions/checkout@v4	2026-04-30T14:19:51.3391040Z hint:
Label & Assign	Run actions/checkout@v4	2026-04-30T14:19:51.3393619Z hint: Disable this message with "git config set advice.defaultBranchName false"
Label & Assign	Run actions/checkout@v4	2026-04-30T14:19:51.3396480Z Initialized empty Git repository in /home/runner/work/vtuber-image/vtuber-image/.git/
Label & Assign	Run actions/checkout@v4	2026-04-30T14:19:51.3403137Z [command]/usr/bin/git remote add origin https://github.com/echo-layer/vtuber-image
Label & Assign	Run actions/checkout@v4	2026-04-30T14:19:51.3422760Z ##[endgroup]
Label & Assign	Run actions/checkout@v4	2026-04-30T14:19:51.3425470Z ##[group]Disabling automatic garbage collection
Label & Assign	Run actions/checkout@v4	2026-04-30T14:19:51.3427880Z [command]/usr/bin/git config --local gc.auto 0
Label & Assign	Run actions/checkout@v4	2026-04-30T14:19:51.3462782Z ##[endgroup]
Label & Assign	Run actions/checkout@v4	2026-04-30T14:19:51.3465239Z ##[group]Setting up auth
Label & Assign	Run actions/checkout@v4	2026-04-30T14:19:51.3469957Z [command]/usr/bin/git config --local --name-only --get-regexp core\.sshCommand
Label & Assign	Run actions/checkout@v4	2026-04-30T14:19:51.3505404Z [command]/usr/bin/git submodule foreach --recursive sh -c "git config --local --name-only --get-regexp 'core\.sshCommand' && git config --local --unset-all 'core.sshCommand' || :"
Label & Assign	Run actions/checkout@v4	2026-04-30T14:19:51.3806967Z [command]/usr/bin/git config --local --name-only --get-regexp http\.https\:\/\/github\.com\/\.extraheader
Label & Assign	Run actions/checkout@v4	2026-04-30T14:19:51.3841371Z [command]/usr/bin/git submodule foreach --recursive sh -c "git config --local --name-only --get-regexp 'http\.https\:\/\/github\.com\/\.extraheader' && git config --local --unset-all 'http.https://github.com/.extraheader' || :"
Label & Assign	Run actions/checkout@v4	2026-04-30T14:19:51.4085487Z [command]/usr/bin/git config --local --name-only --get-regexp ^includeIf\.gitdir:
Label & Assign	Run actions/checkout@v4	2026-04-30T14:19:51.4125853Z [command]/usr/bin/git submodule foreach --recursive git config --local --show-origin --name-only --get-regexp remote.origin.url
Label & Assign	Run actions/checkout@v4	2026-04-30T14:19:51.4368932Z [command]/usr/bin/git config --local http.https://github.com/.extraheader AUTHORIZATION: basic ***
Label & Assign	Run actions/checkout@v4	2026-04-30T14:19:51.4409309Z ##[endgroup]
Label & Assign	Run actions/checkout@v4	2026-04-30T14:19:51.4411611Z ##[group]Fetching the repository
Label & Assign	Run actions/checkout@v4	2026-04-30T14:19:51.4422445Z [command]/usr/bin/git -c protocol.version=2 fetch --no-tags --prune --no-recurse-submodules --depth=1 origin +6ec10343f27d82b4244a6bdb4dafdbbfe078590e:refs/remotes/pull/1/merge
Label & Assign	Run actions/checkout@v4	2026-04-30T14:19:51.8365500Z From https://github.com/echo-layer/vtuber-image
Label & Assign	Run actions/checkout@v4	2026-04-30T14:19:51.8367518Z  * [new ref]         6ec10343f27d82b4244a6bdb4dafdbbfe078590e -> pull/1/merge
Label & Assign	Run actions/checkout@v4	2026-04-30T14:19:51.8373668Z ##[endgroup]
Label & Assign	Run actions/checkout@v4	2026-04-30T14:19:51.8374954Z ##[group]Determining the checkout info
Label & Assign	Run actions/checkout@v4	2026-04-30T14:19:51.8376458Z ##[endgroup]
Label & Assign	Run actions/checkout@v4	2026-04-30T14:19:51.8377306Z [command]/usr/bin/git sparse-checkout disable
Label & Assign	Run actions/checkout@v4	2026-04-30T14:19:51.8414598Z [command]/usr/bin/git config --local --unset-all extensions.worktreeConfig
Label & Assign	Run actions/checkout@v4	2026-04-30T14:19:51.8445411Z ##[group]Checking out the ref
Label & Assign	Run actions/checkout@v4	2026-04-30T14:19:51.8449781Z [command]/usr/bin/git checkout --progress --force refs/remotes/pull/1/merge
Label & Assign	Run actions/checkout@v4	2026-04-30T14:19:51.8508739Z Note: switching to 'refs/remotes/pull/1/merge'.
Label & Assign	Run actions/checkout@v4	2026-04-30T14:19:51.8511123Z 
Label & Assign	Run actions/checkout@v4	2026-04-30T14:19:51.8512886Z You are in 'detached HEAD' state. You can look around, make experimental
Label & Assign	Run actions/checkout@v4	2026-04-30T14:19:51.8515662Z changes and commit them, and you can discard any commits you make in this
Label & Assign	Run actions/checkout@v4	2026-04-30T14:19:51.8520812Z state without impacting any branches by switching back to a branch.
Label & Assign	Run actions/checkout@v4	2026-04-30T14:19:51.8522304Z 
Label & Assign	Run actions/checkout@v4	2026-04-30T14:19:51.8523236Z If you want to create a new branch to retain commits you create, you may
Label & Assign	Run actions/checkout@v4	2026-04-30T14:19:51.8525464Z do so (now or later) by using -c with the switch command. Example:
Label & Assign	Run actions/checkout@v4	2026-04-30T14:19:51.8527059Z 
Label & Assign	Run actions/checkout@v4	2026-04-30T14:19:51.8527438Z   git switch -c <new-branch-name>
Label & Assign	Run actions/checkout@v4	2026-04-30T14:19:51.8528214Z 
Label & Assign	Run actions/checkout@v4	2026-04-30T14:19:51.8528556Z Or undo this operation with:
Label & Assign	Run actions/checkout@v4	2026-04-30T14:19:51.8529246Z 
Label & Assign	Run actions/checkout@v4	2026-04-30T14:19:51.8529528Z   git switch -
Label & Assign	Run actions/checkout@v4	2026-04-30T14:19:51.8530077Z 
Label & Assign	Run actions/checkout@v4	2026-04-30T14:19:51.8531453Z Turn off this advice by setting config variable advice.detachedHead to false
Label & Assign	Run actions/checkout@v4	2026-04-30T14:19:51.8533033Z 
Label & Assign	Run actions/checkout@v4	2026-04-30T14:19:51.8535017Z HEAD is now at 6ec1034 Merge dab39a5ac56bec32f9592e07879e589a80d5ab5e into cdf28f205ce0adfe00bd7355be100fbe8371f70b
Label & Assign	Run actions/checkout@v4	2026-04-30T14:19:51.8540314Z ##[endgroup]
Label & Assign	Run actions/checkout@v4	2026-04-30T14:19:51.8564297Z [command]/usr/bin/git log -1 --format=%H
Label & Assign	Run actions/checkout@v4	2026-04-30T14:19:51.8589265Z 6ec10343f27d82b4244a6bdb4dafdbbfe078590e
Label & Assign	Add Labels	﻿2026-04-30T14:19:51.8904258Z ##[group]Run actions/labeler@v5
Label & Assign	Add Labels	2026-04-30T14:19:51.8905025Z with:
Label & Assign	Add Labels	2026-04-30T14:19:51.8905868Z   repo-token: ***
Label & Assign	Add Labels	2026-04-30T14:19:51.8906382Z   sync-labels: true
Label & Assign	Add Labels	2026-04-30T14:19:51.8906999Z   configuration-path: .github/labeler.yml
Label & Assign	Add Labels	2026-04-30T14:19:51.8907826Z   dot: true
Label & Assign	Add Labels	2026-04-30T14:19:51.8908282Z ##[endgroup]
Label & Assign	Add Labels	2026-04-30T14:19:52.9805470Z The configuration file (path: .github/labeler.yml) was not found locally, fetching via the api
Label & Assign	Add Labels	2026-04-30T14:19:53.0941647Z ##[warning]The config file was not found at .github/labeler.yml. Make sure it exists and that this action has the correct access rights.
Label & Assign	Add Labels	2026-04-30T14:19:53.0953598Z ##[error]HttpError: Not Found
Label & Assign	Add Labels	2026-04-30T14:19:53.0955625Z ##[error]Not Found
Label & Assign	Post Run actions/checkout@v4	﻿2026-04-30T14:19:53.1171287Z Post job cleanup.
Label & Assign	Post Run actions/checkout@v4	2026-04-30T14:19:53.2179380Z [command]/usr/bin/git version
Label & Assign	Post Run actions/checkout@v4	2026-04-30T14:19:53.2233029Z git version 2.53.0
Label & Assign	Post Run actions/checkout@v4	2026-04-30T14:19:53.2281806Z Temporarily overriding HOME='/home/runner/work/_temp/44077a18-34f8-40d7-a498-7c929d2110b2' before making global git config changes
Label & Assign	Post Run actions/checkout@v4	2026-04-30T14:19:53.2283663Z Adding repository directory to the temporary git global config as a safe directory
Label & Assign	Post Run actions/checkout@v4	2026-04-30T14:19:53.2288437Z [command]/usr/bin/git config --global --add safe.directory /home/runner/work/vtuber-image/vtuber-image
Label & Assign	Post Run actions/checkout@v4	2026-04-30T14:19:53.2328165Z [command]/usr/bin/git config --local --name-only --get-regexp core\.sshCommand
Label & Assign	Post Run actions/checkout@v4	2026-04-30T14:19:53.2366997Z [command]/usr/bin/git submodule foreach --recursive sh -c "git config --local --name-only --get-regexp 'core\.sshCommand' && git config --local --unset-all 'core.sshCommand' || :"
Label & Assign	Post Run actions/checkout@v4	2026-04-30T14:19:53.2608817Z [command]/usr/bin/git config --local --name-only --get-regexp http\.https\:\/\/github\.com\/\.extraheader
Label & Assign	Post Run actions/checkout@v4	2026-04-30T14:19:53.2633667Z http.https://github.com/.extraheader
Label & Assign	Post Run actions/checkout@v4	2026-04-30T14:19:53.2651221Z [command]/usr/bin/git config --local --unset-all http.https://github.com/.extraheader
Label & Assign	Post Run actions/checkout@v4	2026-04-30T14:19:53.2689158Z [command]/usr/bin/git submodule foreach --recursive sh -c "git config --local --name-only --get-regexp 'http\.https\:\/\/github\.com\/\.extraheader' && git config --local --unset-all 'http.https://github.com/.extraheader' || :"
Label & Assign	Post Run actions/checkout@v4	2026-04-30T14:19:53.2927575Z [command]/usr/bin/git config --local --name-only --get-regexp ^includeIf\.gitdir:
Label & Assign	Post Run actions/checkout@v4	2026-04-30T14:19:53.2964164Z [command]/usr/bin/git submodule foreach --recursive git config --local --show-origin --name-only --get-regexp remote.origin.url
Label & Assign	Complete job	﻿2026-04-30T14:19:53.3344808Z Cleaning up orphan processes
Label & Assign	Complete job	2026-04-30T14:19:53.3578519Z ##[warning]Node.js 20 actions are deprecated. The following actions are running on Node.js 20 and may not work as expected: actions/checkout@v4, actions/labeler@v5. Actions will be forced to run with Node.js 24 by default starting June 2nd, 2026. Node.js 20 will be removed from the runner on September 16th, 2026. Please check if updated versions of these actions are available that support Node.js 24. To opt into Node.js 24 now, set the FORCE_JAVASCRIPT_ACTIONS_TO_NODE24=true environment variable on the runner or in your workflow file. Once Node.js 24 becomes the default, you can temporarily opt out by setting ACTIONS_ALLOW_USE_UNSECURE_NODE_VERSION=true. For more information see: https://github.blog/changelog/2025-09-19-deprecation-of-node-20-on-github-actions-runners/
